Created  log file.
